
============================================================
MONITOR update 1/12 @ 2026-08-11 14:02:51Z
============================================================
=== Power_Log (last 30 boat-p2) ===
header: ['timestamp_utc', 'device', 'mode', 'engine_v', 'engine_a', 'house_v', 'house_a', 'v50_v', 'v50_a', 'v50_mah_used', 'v50_pct_remain', 'fw', 'uplink', 'note']
total rows: 895
  Aug 11, 2026 7:02 AM | mode=key_on | eng=12.612V | house=0.001V | fw=1.1.101 | uplink=cellular | note=auto_log gpio sw=1 key=1 gp20=0 gp21=0
  Aug 11, 2026 6:20 AM | mode=key_on | eng=12.592V | house=0.002V | fw=1.1.100 | uplink=cellular | note=auto_log gpio sw=1 key=1 gp20=0 gp21=0
  Aug 11, 2026 6:14 AM | mode=key_on | eng=12.598V | house=0.001V | fw=1.1.100 | uplink=cellular | note=auto_log gpio sw=1 key=1 gp20=0 gp21=0
  Aug 11, 2026 6:06 AM | mode=key_on | eng=12.628V | house=0V | fw=1.1.100 | uplink=cellular | note=auto_log gpio sw=1 key=1 gp20=0 gp21=0
  Aug 11, 2026 6:03 AM | mode=key_on | eng=12.629V | house=0.001V | fw=1.1.100 | uplink=cellular | note=auto_log gpio sw=1 key=1 gp20=0 gp21=0
  Aug 11, 2026 6:01 AM | mode=key_on | eng=12.638V | house=0V | fw=1.1.100 | uplink=cellular | note=auto_log gpio sw=1 key=1 gp20=0 gp21=0
  Aug 11, 2026 5:59 AM | mode=key_on | eng=12.479V | house=0.001V | fw=1.1.100 | uplink=cellular | note=auto_log gpio sw=1 key=1 gp20=0 gp21=0
  Aug 11, 2026 5:57 AM | mode=key_on | eng=12.632V | house=0.002V | fw=1.1.100 | uplink=cellular | note=auto_log gpio sw=1 key=1 gp20=0 gp21=0
  Aug 11, 2026 5:54 AM | mode=key_on | eng=12.632V | house=0V | fw=1.1.100 | uplink=cellular | note=auto_log gpio sw=1 key=1 gp20=0 gp21=0
  Aug 11, 2026 5:52 AM | mode=key_on | eng=12.634V | house=0V | fw=1.1.100 | uplink=cellular | note=auto_log gpio sw=1 key=1 gp20=0 gp21=0
  Aug 11, 2026 5:50 AM | mode=key_on | eng=12.634V | house=0.001V | fw=1.1.100 | uplink=cellular | note=auto_log gpio sw=1 key=1 gp20=0 gp21=0
  Aug 11, 2026 5:48 AM | mode=key_on | eng=12.632V | house=0V | fw=1.1.100 | uplink=cellular | note=auto_log gpio sw=1 key=1 gp20=0 gp21=0
  Aug 11, 2026 5:46 AM | mode=key_on | eng=12.634V | house=0.001V | fw=1.1.100 | uplink=cellular | note=auto_log gpio sw=1 key=1 gp20=0 gp21=0
  Aug 11, 2026 5:44 AM | mode=key_on | eng=12.634V | house=0.001V | fw=1.1.100 | uplink=cellular | note=auto_log gpio sw=1 key=1 gp20=0 gp21=0
  Aug 11, 2026 5:42 AM | mode=key_on | eng=12.634V | house=0.002V | fw=1.1.100 | uplink=cellular | note=auto_log gpio sw=1 key=1 gp20=0 gp21=0
  Aug 11, 2026 5:39 AM | mode=key_on | eng=12.638V | house=0V | fw=1.1.100 | uplink=cellular | note=auto_log gpio sw=1 key=1 gp20=0 gp21=0
  Aug 11, 2026 5:37 AM | mode=key_on | eng=12.478V | house=0.001V | fw=1.1.100 | uplink=cellular | note=auto_log gpio sw=1 key=1 gp20=0 gp21=0
  Aug 11, 2026 5:35 AM | mode=key_on | eng=12.639V | house=0.001V | fw=1.1.100 | uplink=cellular | note=auto_log gpio sw=1 key=1 gp20=0 gp21=0
  Aug 11, 2026 5:33 AM | mode=key_on | eng=12.638V | house=0.002V | fw=1.1.100 | uplink=cellular | note=auto_log gpio sw=1 key=1 gp20=0 gp21=0
--- harness log tail ---
Local master version: 1.1.101
OK: sheet preflight (recovery keys + cleared one-shots)
--- harness process ---
401869 /bin/bash -l -c PYTHONUNBUFFERED=1 python3 boat_monitor/ota_stress_harness.py --rounds 4 --no-bootstrap 2>&1 | tee boat_monitor/ota_stress_run3.log
402368 python3 boat_monitor/ota_stress_harness.py --rounds 4 --no-bootstrap

============================================================
MONITOR update 2/12 @ 2026-08-11 14:07:52Z
============================================================
=== Power_Log (last 30 boat-p2) ===
header: ['timestamp_utc', 'device', 'mode', 'engine_v', 'engine_a', 'house_v', 'house_a', 'v50_v', 'v50_a', 'v50_mah_used', 'v50_pct_remain', 'fw', 'uplink', 'note']
total rows: 895
  Aug 11, 2026 7:02 AM | mode=key_on | eng=12.612V | house=0.001V | fw=1.1.101 | uplink=cellular | note=auto_log gpio sw=1 key=1 gp20=0 gp21=0
  Aug 11, 2026 6:20 AM | mode=key_on | eng=12.592V | house=0.002V | fw=1.1.100 | uplink=cellular | note=auto_log gpio sw=1 key=1 gp20=0 gp21=0
  Aug 11, 2026 6:14 AM | mode=key_on | eng=12.598V | house=0.001V | fw=1.1.100 | uplink=cellular | note=auto_log gpio sw=1 key=1 gp20=0 gp21=0
  Aug 11, 2026 6:06 AM | mode=key_on | eng=12.628V | house=0V | fw=1.1.100 | uplink=cellular | note=auto_log gpio sw=1 key=1 gp20=0 gp21=0
  Aug 11, 2026 6:03 AM | mode=key_on | eng=12.629V | house=0.001V | fw=1.1.100 | uplink=cellular | note=auto_log gpio sw=1 key=1 gp20=0 gp21=0
  Aug 11, 2026 6:01 AM | mode=key_on | eng=12.638V | house=0V | fw=1.1.100 | uplink=cellular | note=auto_log gpio sw=1 key=1 gp20=0 gp21=0
  Aug 11, 2026 5:59 AM | mode=key_on | eng=12.479V | house=0.001V | fw=1.1.100 | uplink=cellular | note=auto_log gpio sw=1 key=1 gp20=0 gp21=0
  Aug 11, 2026 5:57 AM | mode=key_on | eng=12.632V | house=0.002V | fw=1.1.100 | uplink=cellular | note=auto_log gpio sw=1 key=1 gp20=0 gp21=0
  Aug 11, 2026 5:54 AM | mode=key_on | eng=12.632V | house=0V | fw=1.1.100 | uplink=cellular | note=auto_log gpio sw=1 key=1 gp20=0 gp21=0
  Aug 11, 2026 5:52 AM | mode=key_on | eng=12.634V | house=0V | fw=1.1.100 | uplink=cellular | note=auto_log gpio sw=1 key=1 gp20=0 gp21=0
  Aug 11, 2026 5:50 AM | mode=key_on | eng=12.634V | house=0.001V | fw=1.1.100 | uplink=cellular | note=auto_log gpio sw=1 key=1 gp20=0 gp21=0
  Aug 11, 2026 5:48 AM | mode=key_on | eng=12.632V | house=0V | fw=1.1.100 | uplink=cellular | note=auto_log gpio sw=1 key=1 gp20=0 gp21=0
  Aug 11, 2026 5:46 AM | mode=key_on | eng=12.634V | house=0.001V | fw=1.1.100 | uplink=cellular | note=auto_log gpio sw=1 key=1 gp20=0 gp21=0
  Aug 11, 2026 5:44 AM | mode=key_on | eng=12.634V | house=0.001V | fw=1.1.100 | uplink=cellular | note=auto_log gpio sw=1 key=1 gp20=0 gp21=0
  Aug 11, 2026 5:42 AM | mode=key_on | eng=12.634V | house=0.002V | fw=1.1.100 | uplink=cellular | note=auto_log gpio sw=1 key=1 gp20=0 gp21=0
  Aug 11, 2026 5:39 AM | mode=key_on | eng=12.638V | house=0V | fw=1.1.100 | uplink=cellular | note=auto_log gpio sw=1 key=1 gp20=0 gp21=0
  Aug 11, 2026 5:37 AM | mode=key_on | eng=12.478V | house=0.001V | fw=1.1.100 | uplink=cellular | note=auto_log gpio sw=1 key=1 gp20=0 gp21=0
  Aug 11, 2026 5:35 AM | mode=key_on | eng=12.639V | house=0.001V | fw=1.1.100 | uplink=cellular | note=auto_log gpio sw=1 key=1 gp20=0 gp21=0
  Aug 11, 2026 5:33 AM | mode=key_on | eng=12.638V | house=0.002V | fw=1.1.100 | uplink=cellular | note=auto_log gpio sw=1 key=1 gp20=0 gp21=0
--- harness log tail ---
Sheet updated. Pico OTA when current < min_fw after master manifest ships.
  … waiting fw=1.1.102 (last 1.1.101 @ Aug 11, 2026 7:02 AM) +0s boot_start=True
  … waiting fw=1.1.102 (last 1.1.101 @ Aug 11, 2026 7:02 AM) +31s boot_start=True
  … waiting fw=1.1.102 (last 1.1.101 @ Aug 11, 2026 7:02 AM) +63s boot_start=True
  … waiting fw=1.1.102 (last 1.1.101 @ Aug 11, 2026 7:02 AM) +94s boot_start=True
  … waiting fw=1.1.102 (last 1.1.101 @ Aug 11, 2026 7:02 AM) +125s boot_start=True
  … waiting fw=1.1.102 (last 1.1.101 @ Aug 11, 2026 7:02 AM) +156s boot_start=True
  … boot_ota success for 1.1.102 (waiting Power_Log confirm, grace 900s)
  … waiting fw=1.1.102 (last 1.1.101 @ Aug 11, 2026 7:02 AM) +187s boot_start=True ota_ok+0s
  … waiting fw=1.1.102 (last 1.1.101 @ Aug 11, 2026 7:02 AM) +218s boot_start=True ota_ok+31s
  … waiting fw=1.1.102 (last 1.1.101 @ Aug 11, 2026 7:02 AM) +249s boot_start=True ota_ok+62s
  … waiting fw=1.1.102 (last 1.1.101 @ Aug 11, 2026 7:02 AM) +280s boot_start=True ota_ok+93s
--- harness process ---
401869 /bin/bash -l -c PYTHONUNBUFFERED=1 python3 boat_monitor/ota_stress_harness.py --rounds 4 --no-bootstrap 2>&1 | tee boat_monitor/ota_stress_run3.log
402368 python3 boat_monitor/ota_stress_harness.py --rounds 4 --no-bootstrap
404706 /bin/bash -O extglob -c snap=$(command cat <&3) && builtin shopt -s extglob && builtin eval -- "$snap" && { builtin set +u 2>/dev/null || true; builtin eval "${__CURSOR_SANDBOX_ENV_RESTORE:-}" 2>/dev/null; builtin export PWD="$(builtin pwd)"; builtin shopt -s expand_aliases 2>/dev/null; builtin eval "$1" < /dev/null; }; COMMAND_EXIT_CODE=$?; dump_bash_state >&4; builtin exit $COMMAND_EXIT_CODE -- for i in 1 2 3; do   echo "=== POLL $i @ $(date -u +%H:%M:%SZ) ==="   grep -E "ROUND |waiting fw=1\.1\.|ROUND RESULT|Stopping|boot_ota success for" /workspace/boat_monitor/ota_stress_run3.log 2>/dev/null | tail -8   python3 -c " import sys sys.path.insert(0,'boat_monitor') from sheets_bootstrap import SCOPES,_credentials_path,_sheet_id from googleapiclient.discovery import build from google.oauth2.service_account import Credentials c=Credentials.from_service_account_file(_credentials_path(),scopes=SCOPES) s=build('sheets','v4',credentials=c,cache_discovery=False) sid=_sheet_id(c) cfg={r[0]:r[1] for r in s.spreadsheets().values().get(spreadsheetId=sid,range='Config!A2:C').execute().get('values',[]) if r} rows=s.spreadsheets().values().get(spreadsheetId=sid,range='Power_Log!A2:N').execute().get('values',[]) hdr=s.spreadsheets().values().get(spreadsheetId=sid,range='Power_Log!1:1').execute().get('values',[[]])[0] fi=hdr.index('fw') r=rows[-1] print('min_fw',cfg.get('min_fw_version'),'| PL',r[0],r[fi] if len(r)>fi else '','key_on') ev=s.spreadsheets().values().get(spreadsheetId=sid,range='Events!A2:D').execute().get('values',[]) for row in ev[-3:]:     if row[1]=='boat-p2' and 'ota' in row[2] or 'boot' in row[2]:         print('EV',row[0],row[2],row[3][:70]) " 2>/dev/null   pgrep -f 'ota_stress_harness.py --rounds 4' >/dev/null && echo "harness: running" || echo "harness: STOPPED"   if [ $i -lt 3 ]; then sleep 300; fi done

============================================================
MONITOR update 3/12 @ 2026-08-11 14:12:53Z
============================================================
=== Power_Log (last 30 boat-p2) ===
header: ['timestamp_utc', 'device', 'mode', 'engine_v', 'engine_a', 'house_v', 'house_a', 'v50_v', 'v50_a', 'v50_mah_used', 'v50_pct_remain', 'fw', 'uplink', 'note']
total rows: 897
  Aug 11, 2026 7:10 AM | mode=key_on | eng=12.609V | house=0V | fw=1.1.102 | uplink=cellular | note=auto_log gpio sw=1 key=1 gp20=0 gp21=0
  Aug 11, 2026 7:08 AM | mode=key_on | eng=12.609V | house=0V | fw=1.1.102 | uplink=cellular | note=auto_log gpio sw=1 key=1 gp20=0 gp21=0
  Aug 11, 2026 7:02 AM | mode=key_on | eng=12.612V | house=0.001V | fw=1.1.101 | uplink=cellular | note=auto_log gpio sw=1 key=1 gp20=0 gp21=0
  Aug 11, 2026 6:20 AM | mode=key_on | eng=12.592V | house=0.002V | fw=1.1.100 | uplink=cellular | note=auto_log gpio sw=1 key=1 gp20=0 gp21=0
  Aug 11, 2026 6:14 AM | mode=key_on | eng=12.598V | house=0.001V | fw=1.1.100 | uplink=cellular | note=auto_log gpio sw=1 key=1 gp20=0 gp21=0
  Aug 11, 2026 6:06 AM | mode=key_on | eng=12.628V | house=0V | fw=1.1.100 | uplink=cellular | note=auto_log gpio sw=1 key=1 gp20=0 gp21=0
  Aug 11, 2026 6:03 AM | mode=key_on | eng=12.629V | house=0.001V | fw=1.1.100 | uplink=cellular | note=auto_log gpio sw=1 key=1 gp20=0 gp21=0
  Aug 11, 2026 6:01 AM | mode=key_on | eng=12.638V | house=0V | fw=1.1.100 | uplink=cellular | note=auto_log gpio sw=1 key=1 gp20=0 gp21=0
  Aug 11, 2026 5:59 AM | mode=key_on | eng=12.479V | house=0.001V | fw=1.1.100 | uplink=cellular | note=auto_log gpio sw=1 key=1 gp20=0 gp21=0
  Aug 11, 2026 5:57 AM | mode=key_on | eng=12.632V | house=0.002V | fw=1.1.100 | uplink=cellular | note=auto_log gpio sw=1 key=1 gp20=0 gp21=0
  Aug 11, 2026 5:54 AM | mode=key_on | eng=12.632V | house=0V | fw=1.1.100 | uplink=cellular | note=auto_log gpio sw=1 key=1 gp20=0 gp21=0
  Aug 11, 2026 5:52 AM | mode=key_on | eng=12.634V | house=0V | fw=1.1.100 | uplink=cellular | note=auto_log gpio sw=1 key=1 gp20=0 gp21=0
  Aug 11, 2026 5:50 AM | mode=key_on | eng=12.634V | house=0.001V | fw=1.1.100 | uplink=cellular | note=auto_log gpio sw=1 key=1 gp20=0 gp21=0
  Aug 11, 2026 5:48 AM | mode=key_on | eng=12.632V | house=0V | fw=1.1.100 | uplink=cellular | note=auto_log gpio sw=1 key=1 gp20=0 gp21=0
  Aug 11, 2026 5:46 AM | mode=key_on | eng=12.634V | house=0.001V | fw=1.1.100 | uplink=cellular | note=auto_log gpio sw=1 key=1 gp20=0 gp21=0
  Aug 11, 2026 5:44 AM | mode=key_on | eng=12.634V | house=0.001V | fw=1.1.100 | uplink=cellular | note=auto_log gpio sw=1 key=1 gp20=0 gp21=0
  Aug 11, 2026 5:42 AM | mode=key_on | eng=12.634V | house=0.002V | fw=1.1.100 | uplink=cellular | note=auto_log gpio sw=1 key=1 gp20=0 gp21=0
  Aug 11, 2026 5:39 AM | mode=key_on | eng=12.638V | house=0V | fw=1.1.100 | uplink=cellular | note=auto_log gpio sw=1 key=1 gp20=0 gp21=0
  Aug 11, 2026 5:37 AM | mode=key_on | eng=12.478V | house=0.001V | fw=1.1.100 | uplink=cellular | note=auto_log gpio sw=1 key=1 gp20=0 gp21=0
--- harness log tail ---
OK: release 1.1.103 (manifest + version.py)
OK: GitHub raw master manifest matches
OK: interval_engine_on_s = 60
OK: interval_engine_off_s = 300
OK: boot_ota_max_seconds = 420
OK: min_fw_version = 1.1.103
Sheet updated. Pico OTA when current < min_fw after master manifest ships.
  … waiting fw=1.1.103 (last 1.1.102 @ Aug 11, 2026 7:08 AM) +1s boot_start=True
  … waiting fw=1.1.103 (last 1.1.102 @ Aug 11, 2026 7:10 AM) +32s boot_start=True
  … waiting fw=1.1.103 (last 1.1.102 @ Aug 11, 2026 7:10 AM) +63s boot_start=True
  … waiting fw=1.1.103 (last 1.1.102 @ Aug 11, 2026 7:10 AM) +94s boot_start=True
  … waiting fw=1.1.103 (last 1.1.102 @ Aug 11, 2026 7:10 AM) +125s boot_start=True
--- harness process ---
401869 /bin/bash -l -c PYTHONUNBUFFERED=1 python3 boat_monitor/ota_stress_harness.py --rounds 4 --no-bootstrap 2>&1 | tee boat_monitor/ota_stress_run3.log
402368 python3 boat_monitor/ota_stress_harness.py --rounds 4 --no-bootstrap
404706 /bin/bash -O extglob -c snap=$(command cat <&3) && builtin shopt -s extglob && builtin eval -- "$snap" && { builtin set +u 2>/dev/null || true; builtin eval "${__CURSOR_SANDBOX_ENV_RESTORE:-}" 2>/dev/null; builtin export PWD="$(builtin pwd)"; builtin shopt -s expand_aliases 2>/dev/null; builtin eval "$1" < /dev/null; }; COMMAND_EXIT_CODE=$?; dump_bash_state >&4; builtin exit $COMMAND_EXIT_CODE -- for i in 1 2 3; do   echo "=== POLL $i @ $(date -u +%H:%M:%SZ) ==="   grep -E "ROUND |waiting fw=1\.1\.|ROUND RESULT|Stopping|boot_ota success for" /workspace/boat_monitor/ota_stress_run3.log 2>/dev/null | tail -8   python3 -c " import sys sys.path.insert(0,'boat_monitor') from sheets_bootstrap import SCOPES,_credentials_path,_sheet_id from googleapiclient.discovery import build from google.oauth2.service_account import Credentials c=Credentials.from_service_account_file(_credentials_path(),scopes=SCOPES) s=build('sheets','v4',credentials=c,cache_discovery=False) sid=_sheet_id(c) cfg={r[0]:r[1] for r in s.spreadsheets().values().get(spreadsheetId=sid,range='Config!A2:C').execute().get('values',[]) if r} rows=s.spreadsheets().values().get(spreadsheetId=sid,range='Power_Log!A2:N').execute().get('values',[]) hdr=s.spreadsheets().values().get(spreadsheetId=sid,range='Power_Log!1:1').execute().get('values',[[]])[0] fi=hdr.index('fw') r=rows[-1] print('min_fw',cfg.get('min_fw_version'),'| PL',r[0],r[fi] if len(r)>fi else '','key_on') ev=s.spreadsheets().values().get(spreadsheetId=sid,range='Events!A2:D').execute().get('values',[]) for row in ev[-3:]:     if row[1]=='boat-p2' and 'ota' in row[2] or 'boot' in row[2]:         print('EV',row[0],row[2],row[3][:70]) " 2>/dev/null   pgrep -f 'ota_stress_harness.py --rounds 4' >/dev/null && echo "harness: running" || echo "harness: STOPPED"   if [ $i -lt 3 ]; then sleep 300; fi done

============================================================
MONITOR update 4/12 @ 2026-08-11 14:17:54Z
============================================================
=== Power_Log (last 30 boat-p2) ===
header: ['timestamp_utc', 'device', 'mode', 'engine_v', 'engine_a', 'house_v', 'house_a', 'v50_v', 'v50_a', 'v50_mah_used', 'v50_pct_remain', 'fw', 'uplink', 'note']
total rows: 898
  Aug 11, 2026 7:16 AM | mode=key_on | eng=12.608V | house=0V | fw=1.1.103 | uplink=cellular | note=auto_log gpio sw=1 key=1 gp20=0 gp21=0
  Aug 11, 2026 7:10 AM | mode=key_on | eng=12.609V | house=0V | fw=1.1.102 | uplink=cellular | note=auto_log gpio sw=1 key=1 gp20=0 gp21=0
  Aug 11, 2026 7:08 AM | mode=key_on | eng=12.609V | house=0V | fw=1.1.102 | uplink=cellular | note=auto_log gpio sw=1 key=1 gp20=0 gp21=0
  Aug 11, 2026 7:02 AM | mode=key_on | eng=12.612V | house=0.001V | fw=1.1.101 | uplink=cellular | note=auto_log gpio sw=1 key=1 gp20=0 gp21=0
  Aug 11, 2026 6:20 AM | mode=key_on | eng=12.592V | house=0.002V | fw=1.1.100 | uplink=cellular | note=auto_log gpio sw=1 key=1 gp20=0 gp21=0
  Aug 11, 2026 6:14 AM | mode=key_on | eng=12.598V | house=0.001V | fw=1.1.100 | uplink=cellular | note=auto_log gpio sw=1 key=1 gp20=0 gp21=0
  Aug 11, 2026 6:06 AM | mode=key_on | eng=12.628V | house=0V | fw=1.1.100 | uplink=cellular | note=auto_log gpio sw=1 key=1 gp20=0 gp21=0
  Aug 11, 2026 6:03 AM | mode=key_on | eng=12.629V | house=0.001V | fw=1.1.100 | uplink=cellular | note=auto_log gpio sw=1 key=1 gp20=0 gp21=0
  Aug 11, 2026 6:01 AM | mode=key_on | eng=12.638V | house=0V | fw=1.1.100 | uplink=cellular | note=auto_log gpio sw=1 key=1 gp20=0 gp21=0
  Aug 11, 2026 5:59 AM | mode=key_on | eng=12.479V | house=0.001V | fw=1.1.100 | uplink=cellular | note=auto_log gpio sw=1 key=1 gp20=0 gp21=0
  Aug 11, 2026 5:57 AM | mode=key_on | eng=12.632V | house=0.002V | fw=1.1.100 | uplink=cellular | note=auto_log gpio sw=1 key=1 gp20=0 gp21=0
  Aug 11, 2026 5:54 AM | mode=key_on | eng=12.632V | house=0V | fw=1.1.100 | uplink=cellular | note=auto_log gpio sw=1 key=1 gp20=0 gp21=0
  Aug 11, 2026 5:52 AM | mode=key_on | eng=12.634V | house=0V | fw=1.1.100 | uplink=cellular | note=auto_log gpio sw=1 key=1 gp20=0 gp21=0
  Aug 11, 2026 5:50 AM | mode=key_on | eng=12.634V | house=0.001V | fw=1.1.100 | uplink=cellular | note=auto_log gpio sw=1 key=1 gp20=0 gp21=0
  Aug 11, 2026 5:48 AM | mode=key_on | eng=12.632V | house=0V | fw=1.1.100 | uplink=cellular | note=auto_log gpio sw=1 key=1 gp20=0 gp21=0
  Aug 11, 2026 5:46 AM | mode=key_on | eng=12.634V | house=0.001V | fw=1.1.100 | uplink=cellular | note=auto_log gpio sw=1 key=1 gp20=0 gp21=0
  Aug 11, 2026 5:44 AM | mode=key_on | eng=12.634V | house=0.001V | fw=1.1.100 | uplink=cellular | note=auto_log gpio sw=1 key=1 gp20=0 gp21=0
  Aug 11, 2026 5:42 AM | mode=key_on | eng=12.634V | house=0.002V | fw=1.1.100 | uplink=cellular | note=auto_log gpio sw=1 key=1 gp20=0 gp21=0
  Aug 11, 2026 5:39 AM | mode=key_on | eng=12.638V | house=0V | fw=1.1.100 | uplink=cellular | note=auto_log gpio sw=1 key=1 gp20=0 gp21=0
--- harness log tail ---
    {
      "from_fw": "1.1.102",
      "to_fw": "1.1.103",
      "last_log_old_fw": "Aug 11, 2026 7:10 AM",
      "first_log_new_fw": "Aug 11, 2026 7:16 AM",
      "inferred_ota_window_s": 360
    }
  ],
  "ota_action_stall_samples": [],
  "telemetry_gap": false
}
Round cooldown 90s before next ship...
--- harness process ---
401869 /bin/bash -l -c PYTHONUNBUFFERED=1 python3 boat_monitor/ota_stress_harness.py --rounds 4 --no-bootstrap 2>&1 | tee boat_monitor/ota_stress_run3.log
402368 python3 boat_monitor/ota_stress_harness.py --rounds 4 --no-bootstrap
405223 /bin/bash -l -c for i in $(seq 1 9); do echo "=== STATUS $i/9 $(date -u +%H:%M:%SZ) ===" >> boat_monitor/ota_stress_status.log; grep -E "^ROUND |ROUND [0-9]/4|\"success\":|Stopping stress" boat_monitor/ota_stress_run3.log | tail -6 >> boat_monitor/ota_stress_status.log; python3 -c "import sys;sys.path.insert(0,\"boat_monitor\");from sheets_bootstrap import SCOPES,_credentials_path,_sheet_id;from googleapiclient.discovery import build;from google.oauth2.service_account import Credentials;c=Credentials.from_service_account_file(_credentials_path(),scopes=SCOPES);s=build(\"sheets\",\"v4\",credentials=c,cache_discovery=False);sid=_sheet_id(c);cfg={r[0]:r[1] for r in s.spreadsheets().values().get(spreadsheetId=sid,range=\"Config!A2:C\").execute().get(\"values\",[]) if r};rows=s.spreadsheets().values().get(spreadsheetId=sid,range=\"Power_Log!A2:N\").execute().get(\"values\",[]);hdr=s.spreadsheets().values().get(spreadsheetId=sid,range=\"Power_Log!1:1\").execute().get(\"values\",[[[]]][0]);fi=hdr.index(\"fw\");r=rows[-1];print(\"min_fw\",cfg.get(\"min_fw_version\"),\"PL\",r[0],r[fi])" >> boat_monitor/ota_stress_status.log 2>&1; pgrep -f "ota_stress_harness.py --rounds 4" >/dev/null && echo "harness running" >> boat_monitor/ota_stress_status.log || echo "harness STOPPED" >> boat_monitor/ota_stress_status.log; sleep 300; done; echo "DONE" >> boat_monitor/ota_stress_status.log

============================================================
MONITOR update 5/12 @ 2026-08-11 14:22:55Z
============================================================
=== Power_Log (last 30 boat-p2) ===
header: ['timestamp_utc', 'device', 'mode', 'engine_v', 'engine_a', 'house_v', 'house_a', 'v50_v', 'v50_a', 'v50_mah_used', 'v50_pct_remain', 'fw', 'uplink', 'note']
total rows: 899
  Aug 11, 2026 7:18 AM | mode=key_on | eng=12.609V | house=0V | fw=1.1.103 | uplink=cellular | note=auto_log gpio sw=1 key=1 gp20=0 gp21=0
  Aug 11, 2026 7:16 AM | mode=key_on | eng=12.608V | house=0V | fw=1.1.103 | uplink=cellular | note=auto_log gpio sw=1 key=1 gp20=0 gp21=0
  Aug 11, 2026 7:10 AM | mode=key_on | eng=12.609V | house=0V | fw=1.1.102 | uplink=cellular | note=auto_log gpio sw=1 key=1 gp20=0 gp21=0
  Aug 11, 2026 7:08 AM | mode=key_on | eng=12.609V | house=0V | fw=1.1.102 | uplink=cellular | note=auto_log gpio sw=1 key=1 gp20=0 gp21=0
  Aug 11, 2026 7:02 AM | mode=key_on | eng=12.612V | house=0.001V | fw=1.1.101 | uplink=cellular | note=auto_log gpio sw=1 key=1 gp20=0 gp21=0
  Aug 11, 2026 6:20 AM | mode=key_on | eng=12.592V | house=0.002V | fw=1.1.100 | uplink=cellular | note=auto_log gpio sw=1 key=1 gp20=0 gp21=0
  Aug 11, 2026 6:14 AM | mode=key_on | eng=12.598V | house=0.001V | fw=1.1.100 | uplink=cellular | note=auto_log gpio sw=1 key=1 gp20=0 gp21=0
  Aug 11, 2026 6:06 AM | mode=key_on | eng=12.628V | house=0V | fw=1.1.100 | uplink=cellular | note=auto_log gpio sw=1 key=1 gp20=0 gp21=0
  Aug 11, 2026 6:03 AM | mode=key_on | eng=12.629V | house=0.001V | fw=1.1.100 | uplink=cellular | note=auto_log gpio sw=1 key=1 gp20=0 gp21=0
  Aug 11, 2026 6:01 AM | mode=key_on | eng=12.638V | house=0V | fw=1.1.100 | uplink=cellular | note=auto_log gpio sw=1 key=1 gp20=0 gp21=0
  Aug 11, 2026 5:59 AM | mode=key_on | eng=12.479V | house=0.001V | fw=1.1.100 | uplink=cellular | note=auto_log gpio sw=1 key=1 gp20=0 gp21=0
  Aug 11, 2026 5:57 AM | mode=key_on | eng=12.632V | house=0.002V | fw=1.1.100 | uplink=cellular | note=auto_log gpio sw=1 key=1 gp20=0 gp21=0
  Aug 11, 2026 5:54 AM | mode=key_on | eng=12.632V | house=0V | fw=1.1.100 | uplink=cellular | note=auto_log gpio sw=1 key=1 gp20=0 gp21=0
  Aug 11, 2026 5:52 AM | mode=key_on | eng=12.634V | house=0V | fw=1.1.100 | uplink=cellular | note=auto_log gpio sw=1 key=1 gp20=0 gp21=0
  Aug 11, 2026 5:50 AM | mode=key_on | eng=12.634V | house=0.001V | fw=1.1.100 | uplink=cellular | note=auto_log gpio sw=1 key=1 gp20=0 gp21=0
  Aug 11, 2026 5:48 AM | mode=key_on | eng=12.632V | house=0V | fw=1.1.100 | uplink=cellular | note=auto_log gpio sw=1 key=1 gp20=0 gp21=0
  Aug 11, 2026 5:46 AM | mode=key_on | eng=12.634V | house=0.001V | fw=1.1.100 | uplink=cellular | note=auto_log gpio sw=1 key=1 gp20=0 gp21=0
  Aug 11, 2026 5:44 AM | mode=key_on | eng=12.634V | house=0.001V | fw=1.1.100 | uplink=cellular | note=auto_log gpio sw=1 key=1 gp20=0 gp21=0
  Aug 11, 2026 5:42 AM | mode=key_on | eng=12.634V | house=0.002V | fw=1.1.100 | uplink=cellular | note=auto_log gpio sw=1 key=1 gp20=0 gp21=0
--- harness log tail ---
OK: min_fw_version = 1.1.104
Sheet updated. Pico OTA when current < min_fw after master manifest ships.
  … waiting fw=1.1.104 (last 1.1.103 @ Aug 11, 2026 7:16 AM) +0s boot_start=True
  … waiting fw=1.1.104 (last 1.1.103 @ Aug 11, 2026 7:18 AM) +31s boot_start=True
  … waiting fw=1.1.104 (last 1.1.103 @ Aug 11, 2026 7:18 AM) +62s boot_start=True
  … waiting fw=1.1.104 (last 1.1.103 @ Aug 11, 2026 7:18 AM) +93s boot_start=True
  … waiting fw=1.1.104 (last 1.1.103 @ Aug 11, 2026 7:18 AM) +124s boot_start=True
  … waiting fw=1.1.104 (last 1.1.103 @ Aug 11, 2026 7:18 AM) +155s boot_start=True
  … waiting fw=1.1.104 (last 1.1.103 @ Aug 11, 2026 7:18 AM) +186s boot_start=True
  … waiting fw=1.1.104 (last 1.1.103 @ Aug 11, 2026 7:18 AM) +217s boot_start=True
  … boot_ota success for 1.1.104 (waiting Power_Log confirm, grace 900s)
  … waiting fw=1.1.104 (last 1.1.103 @ Aug 11, 2026 7:18 AM) +248s boot_start=True ota_ok+0s
--- harness process ---
401869 /bin/bash -l -c PYTHONUNBUFFERED=1 python3 boat_monitor/ota_stress_harness.py --rounds 4 --no-bootstrap 2>&1 | tee boat_monitor/ota_stress_run3.log
402368 python3 boat_monitor/ota_stress_harness.py --rounds 4 --no-bootstrap
405223 /bin/bash -l -c for i in $(seq 1 9); do echo "=== STATUS $i/9 $(date -u +%H:%M:%SZ) ===" >> boat_monitor/ota_stress_status.log; grep -E "^ROUND |ROUND [0-9]/4|\"success\":|Stopping stress" boat_monitor/ota_stress_run3.log | tail -6 >> boat_monitor/ota_stress_status.log; python3 -c "import sys;sys.path.insert(0,\"boat_monitor\");from sheets_bootstrap import SCOPES,_credentials_path,_sheet_id;from googleapiclient.discovery import build;from google.oauth2.service_account import Credentials;c=Credentials.from_service_account_file(_credentials_path(),scopes=SCOPES);s=build(\"sheets\",\"v4\",credentials=c,cache_discovery=False);sid=_sheet_id(c);cfg={r[0]:r[1] for r in s.spreadsheets().values().get(spreadsheetId=sid,range=\"Config!A2:C\").execute().get(\"values\",[]) if r};rows=s.spreadsheets().values().get(spreadsheetId=sid,range=\"Power_Log!A2:N\").execute().get(\"values\",[]);hdr=s.spreadsheets().values().get(spreadsheetId=sid,range=\"Power_Log!1:1\").execute().get(\"values\",[[[]]][0]);fi=hdr.index(\"fw\");r=rows[-1];print(\"min_fw\",cfg.get(\"min_fw_version\"),\"PL\",r[0],r[fi])" >> boat_monitor/ota_stress_status.log 2>&1; pgrep -f "ota_stress_harness.py --rounds 4" >/dev/null && echo "harness running" >> boat_monitor/ota_stress_status.log || echo "harness STOPPED" >> boat_monitor/ota_stress_status.log; sleep 300; done; echo "DONE" >> boat_monitor/ota_stress_status.log

============================================================
MONITOR update 6/12 @ 2026-08-11 14:46:13Z
============================================================
=== Power_Log (last 30 boat-p2) ===
header: ['timestamp_utc', 'device', 'mode', 'engine_v', 'engine_a', 'house_v', 'house_a', 'v50_v', 'v50_a', 'v50_mah_used', 'v50_pct_remain', 'fw', 'uplink', 'note']
total rows: 907
  Aug 11, 2026 7:44 AM | mode=key_on | eng=12.598V | house=0.001V | fw=1.1.105 | uplink=cellular | note=auto_log gpio sw=1 key=1 gp20=0 gp21=0
  Aug 11, 2026 7:42 AM | mode=key_on | eng=12.599V | house=0V | fw=1.1.105 | uplink=cellular | note=auto_log gpio sw=1 key=1 gp20=0 gp21=0
  Aug 11, 2026 7:40 AM | mode=key_on | eng=12.602V | house=0V | fw=1.1.105 | uplink=cellular | note=auto_log gpio sw=1 key=1 gp20=0 gp21=0
  Aug 11, 2026 7:37 AM | mode=key_on | eng=12.602V | house=0V | fw=1.1.105 | uplink=cellular | note=auto_log gpio sw=1 key=1 gp20=0 gp21=0
  Aug 11, 2026 7:35 AM | mode=key_on | eng=12.612V | house=0V | fw=1.1.105 | uplink=cellular | note=auto_log gpio sw=1 key=1 gp20=0 gp21=0
  Aug 11, 2026 7:33 AM | mode=key_on | eng=12.612V | house=0V | fw=1.1.105 | uplink=cellular | note=auto_log gpio sw=1 key=1 gp20=0 gp21=0
  Aug 11, 2026 7:27 AM | mode=key_on | eng=12.602V | house=0.001V | fw=1.1.104 | uplink=cellular | note=auto_log gpio sw=1 key=1 gp20=0 gp21=0
  Aug 11, 2026 7:25 AM | mode=key_on | eng=12.612V | house=0V | fw=1.1.104 | uplink=cellular | note=auto_log gpio sw=1 key=1 gp20=0 gp21=0
  Aug 11, 2026 7:18 AM | mode=key_on | eng=12.609V | house=0V | fw=1.1.103 | uplink=cellular | note=auto_log gpio sw=1 key=1 gp20=0 gp21=0
  Aug 11, 2026 7:16 AM | mode=key_on | eng=12.608V | house=0V | fw=1.1.103 | uplink=cellular | note=auto_log gpio sw=1 key=1 gp20=0 gp21=0
  Aug 11, 2026 7:10 AM | mode=key_on | eng=12.609V | house=0V | fw=1.1.102 | uplink=cellular | note=auto_log gpio sw=1 key=1 gp20=0 gp21=0
  Aug 11, 2026 7:08 AM | mode=key_on | eng=12.609V | house=0V | fw=1.1.102 | uplink=cellular | note=auto_log gpio sw=1 key=1 gp20=0 gp21=0
  Aug 11, 2026 7:02 AM | mode=key_on | eng=12.612V | house=0.001V | fw=1.1.101 | uplink=cellular | note=auto_log gpio sw=1 key=1 gp20=0 gp21=0
  Aug 11, 2026 6:20 AM | mode=key_on | eng=12.592V | house=0.002V | fw=1.1.100 | uplink=cellular | note=auto_log gpio sw=1 key=1 gp20=0 gp21=0
  Aug 11, 2026 6:14 AM | mode=key_on | eng=12.598V | house=0.001V | fw=1.1.100 | uplink=cellular | note=auto_log gpio sw=1 key=1 gp20=0 gp21=0
  Aug 11, 2026 6:06 AM | mode=key_on | eng=12.628V | house=0V | fw=1.1.100 | uplink=cellular | note=auto_log gpio sw=1 key=1 gp20=0 gp21=0
  Aug 11, 2026 6:03 AM | mode=key_on | eng=12.629V | house=0.001V | fw=1.1.100 | uplink=cellular | note=auto_log gpio sw=1 key=1 gp20=0 gp21=0
  Aug 11, 2026 6:01 AM | mode=key_on | eng=12.638V | house=0V | fw=1.1.100 | uplink=cellular | note=auto_log gpio sw=1 key=1 gp20=0 gp21=0
  Aug 11, 2026 5:59 AM | mode=key_on | eng=12.479V | house=0.001V | fw=1.1.100 | uplink=cellular | note=auto_log gpio sw=1 key=1 gp20=0 gp21=0
--- harness log tail ---
    {
      "from_fw": "1.1.104",
      "to_fw": "1.1.105",
      "last_log_old_fw": "Aug 11, 2026 7:27 AM",
      "first_log_new_fw": "Aug 11, 2026 7:33 AM",
      "inferred_ota_window_s": 360
    }
  ],
  "ota_action_stall_samples": [],
  "telemetry_gap": false
}
Round cooldown 90s before next ship...
--- harness process ---
401869 /bin/bash -l -c PYTHONUNBUFFERED=1 python3 boat_monitor/ota_stress_harness.py --rounds 4 --no-bootstrap 2>&1 | tee boat_monitor/ota_stress_run3.log
402368 python3 boat_monitor/ota_stress_harness.py --rounds 4 --no-bootstrap
405223 /bin/bash -l -c for i in $(seq 1 9); do echo "=== STATUS $i/9 $(date -u +%H:%M:%SZ) ===" >> boat_monitor/ota_stress_status.log; grep -E "^ROUND |ROUND [0-9]/4|\"success\":|Stopping stress" boat_monitor/ota_stress_run3.log | tail -6 >> boat_monitor/ota_stress_status.log; python3 -c "import sys;sys.path.insert(0,\"boat_monitor\");from sheets_bootstrap import SCOPES,_credentials_path,_sheet_id;from googleapiclient.discovery import build;from google.oauth2.service_account import Credentials;c=Credentials.from_service_account_file(_credentials_path(),scopes=SCOPES);s=build(\"sheets\",\"v4\",credentials=c,cache_discovery=False);sid=_sheet_id(c);cfg={r[0]:r[1] for r in s.spreadsheets().values().get(spreadsheetId=sid,range=\"Config!A2:C\").execute().get(\"values\",[]) if r};rows=s.spreadsheets().values().get(spreadsheetId=sid,range=\"Power_Log!A2:N\").execute().get(\"values\",[]);hdr=s.spreadsheets().values().get(spreadsheetId=sid,range=\"Power_Log!1:1\").execute().get(\"values\",[[[]]][0]);fi=hdr.index(\"fw\");r=rows[-1];print(\"min_fw\",cfg.get(\"min_fw_version\"),\"PL\",r[0],r[fi])" >> boat_monitor/ota_stress_status.log 2>&1; pgrep -f "ota_stress_harness.py --rounds 4" >/dev/null && echo "harness running" >> boat_monitor/ota_stress_status.log || echo "harness STOPPED" >> boat_monitor/ota_stress_status.log; sleep 300; done; echo "DONE" >> boat_monitor/ota_stress_status.log

============================================================
MONITOR update 7/12 @ 2026-08-11 14:51:14Z
============================================================
=== Power_Log (last 30 boat-p2) ===
header: ['timestamp_utc', 'device', 'mode', 'engine_v', 'engine_a', 'house_v', 'house_a', 'v50_v', 'v50_a', 'v50_mah_used', 'v50_pct_remain', 'fw', 'uplink', 'note']
total rows: 910
  Aug 11, 2026 7:51 AM | mode=key_on | eng=12.599V | house=0.001V | fw=1.1.105 | uplink=cellular | note=auto_log gpio sw=1 key=1 gp20=0 gp21=0
  Aug 11, 2026 7:49 AM | mode=key_on | eng=12.598V | house=0V | fw=1.1.105 | uplink=cellular | note=auto_log gpio sw=1 key=1 gp20=0 gp21=0
  Aug 11, 2026 7:46 AM | mode=key_on | eng=12.598V | house=0V | fw=1.1.105 | uplink=cellular | note=auto_log gpio sw=1 key=1 gp20=0 gp21=0
  Aug 11, 2026 7:44 AM | mode=key_on | eng=12.598V | house=0.001V | fw=1.1.105 | uplink=cellular | note=auto_log gpio sw=1 key=1 gp20=0 gp21=0
  Aug 11, 2026 7:42 AM | mode=key_on | eng=12.599V | house=0V | fw=1.1.105 | uplink=cellular | note=auto_log gpio sw=1 key=1 gp20=0 gp21=0
  Aug 11, 2026 7:40 AM | mode=key_on | eng=12.602V | house=0V | fw=1.1.105 | uplink=cellular | note=auto_log gpio sw=1 key=1 gp20=0 gp21=0
  Aug 11, 2026 7:37 AM | mode=key_on | eng=12.602V | house=0V | fw=1.1.105 | uplink=cellular | note=auto_log gpio sw=1 key=1 gp20=0 gp21=0
  Aug 11, 2026 7:35 AM | mode=key_on | eng=12.612V | house=0V | fw=1.1.105 | uplink=cellular | note=auto_log gpio sw=1 key=1 gp20=0 gp21=0
  Aug 11, 2026 7:33 AM | mode=key_on | eng=12.612V | house=0V | fw=1.1.105 | uplink=cellular | note=auto_log gpio sw=1 key=1 gp20=0 gp21=0
  Aug 11, 2026 7:27 AM | mode=key_on | eng=12.602V | house=0.001V | fw=1.1.104 | uplink=cellular | note=auto_log gpio sw=1 key=1 gp20=0 gp21=0
  Aug 11, 2026 7:25 AM | mode=key_on | eng=12.612V | house=0V | fw=1.1.104 | uplink=cellular | note=auto_log gpio sw=1 key=1 gp20=0 gp21=0
  Aug 11, 2026 7:18 AM | mode=key_on | eng=12.609V | house=0V | fw=1.1.103 | uplink=cellular | note=auto_log gpio sw=1 key=1 gp20=0 gp21=0
  Aug 11, 2026 7:16 AM | mode=key_on | eng=12.608V | house=0V | fw=1.1.103 | uplink=cellular | note=auto_log gpio sw=1 key=1 gp20=0 gp21=0
  Aug 11, 2026 7:10 AM | mode=key_on | eng=12.609V | house=0V | fw=1.1.102 | uplink=cellular | note=auto_log gpio sw=1 key=1 gp20=0 gp21=0
  Aug 11, 2026 7:08 AM | mode=key_on | eng=12.609V | house=0V | fw=1.1.102 | uplink=cellular | note=auto_log gpio sw=1 key=1 gp20=0 gp21=0
  Aug 11, 2026 7:02 AM | mode=key_on | eng=12.612V | house=0.001V | fw=1.1.101 | uplink=cellular | note=auto_log gpio sw=1 key=1 gp20=0 gp21=0
  Aug 11, 2026 6:20 AM | mode=key_on | eng=12.592V | house=0.002V | fw=1.1.100 | uplink=cellular | note=auto_log gpio sw=1 key=1 gp20=0 gp21=0
  Aug 11, 2026 6:14 AM | mode=key_on | eng=12.598V | house=0.001V | fw=1.1.100 | uplink=cellular | note=auto_log gpio sw=1 key=1 gp20=0 gp21=0
  Aug 11, 2026 6:06 AM | mode=key_on | eng=12.628V | house=0V | fw=1.1.100 | uplink=cellular | note=auto_log gpio sw=1 key=1 gp20=0 gp21=0
--- harness log tail ---
Wrote /workspace/ota_stress_results.json
SUMMARY: {
  "success_count": 4,
  "fail_count": 0,
  "wall_times_s": [
    342,
    404,
    403,
    1129
  ],
  "device_aware_to_confirmed_s": []
}
--- harness process ---
405223 /bin/bash -l -c for i in $(seq 1 9); do echo "=== STATUS $i/9 $(date -u +%H:%M:%SZ) ===" >> boat_monitor/ota_stress_status.log; grep -E "^ROUND |ROUND [0-9]/4|\"success\":|Stopping stress" boat_monitor/ota_stress_run3.log | tail -6 >> boat_monitor/ota_stress_status.log; python3 -c "import sys;sys.path.insert(0,\"boat_monitor\");from sheets_bootstrap import SCOPES,_credentials_path,_sheet_id;from googleapiclient.discovery import build;from google.oauth2.service_account import Credentials;c=Credentials.from_service_account_file(_credentials_path(),scopes=SCOPES);s=build(\"sheets\",\"v4\",credentials=c,cache_discovery=False);sid=_sheet_id(c);cfg={r[0]:r[1] for r in s.spreadsheets().values().get(spreadsheetId=sid,range=\"Config!A2:C\").execute().get(\"values\",[]) if r};rows=s.spreadsheets().values().get(spreadsheetId=sid,range=\"Power_Log!A2:N\").execute().get(\"values\",[]);hdr=s.spreadsheets().values().get(spreadsheetId=sid,range=\"Power_Log!1:1\").execute().get(\"values\",[[[]]][0]);fi=hdr.index(\"fw\");r=rows[-1];print(\"min_fw\",cfg.get(\"min_fw_version\"),\"PL\",r[0],r[fi])" >> boat_monitor/ota_stress_status.log 2>&1; pgrep -f "ota_stress_harness.py --rounds 4" >/dev/null && echo "harness running" >> boat_monitor/ota_stress_status.log || echo "harness STOPPED" >> boat_monitor/ota_stress_status.log; sleep 300; done; echo "DONE" >> boat_monitor/ota_stress_status.log

============================================================
MONITOR update 8/12 @ 2026-08-11 14:56:15Z
============================================================
=== Power_Log (last 30 boat-p2) ===
header: ['timestamp_utc', 'device', 'mode', 'engine_v', 'engine_a', 'house_v', 'house_a', 'v50_v', 'v50_a', 'v50_mah_used', 'v50_pct_remain', 'fw', 'uplink', 'note']
total rows: 912
  Aug 11, 2026 7:55 AM | mode=key_on | eng=12.598V | house=0V | fw=1.1.105 | uplink=cellular | note=auto_log gpio sw=1 key=1 gp20=0 gp21=0
  Aug 11, 2026 7:53 AM | mode=key_on | eng=12.599V | house=0.001V | fw=1.1.105 | uplink=cellular | note=auto_log gpio sw=1 key=1 gp20=0 gp21=0
  Aug 11, 2026 7:51 AM | mode=key_on | eng=12.599V | house=0.001V | fw=1.1.105 | uplink=cellular | note=auto_log gpio sw=1 key=1 gp20=0 gp21=0
  Aug 11, 2026 7:49 AM | mode=key_on | eng=12.598V | house=0V | fw=1.1.105 | uplink=cellular | note=auto_log gpio sw=1 key=1 gp20=0 gp21=0
  Aug 11, 2026 7:46 AM | mode=key_on | eng=12.598V | house=0V | fw=1.1.105 | uplink=cellular | note=auto_log gpio sw=1 key=1 gp20=0 gp21=0
  Aug 11, 2026 7:44 AM | mode=key_on | eng=12.598V | house=0.001V | fw=1.1.105 | uplink=cellular | note=auto_log gpio sw=1 key=1 gp20=0 gp21=0
  Aug 11, 2026 7:42 AM | mode=key_on | eng=12.599V | house=0V | fw=1.1.105 | uplink=cellular | note=auto_log gpio sw=1 key=1 gp20=0 gp21=0
  Aug 11, 2026 7:40 AM | mode=key_on | eng=12.602V | house=0V | fw=1.1.105 | uplink=cellular | note=auto_log gpio sw=1 key=1 gp20=0 gp21=0
  Aug 11, 2026 7:37 AM | mode=key_on | eng=12.602V | house=0V | fw=1.1.105 | uplink=cellular | note=auto_log gpio sw=1 key=1 gp20=0 gp21=0
  Aug 11, 2026 7:35 AM | mode=key_on | eng=12.612V | house=0V | fw=1.1.105 | uplink=cellular | note=auto_log gpio sw=1 key=1 gp20=0 gp21=0
  Aug 11, 2026 7:33 AM | mode=key_on | eng=12.612V | house=0V | fw=1.1.105 | uplink=cellular | note=auto_log gpio sw=1 key=1 gp20=0 gp21=0
  Aug 11, 2026 7:27 AM | mode=key_on | eng=12.602V | house=0.001V | fw=1.1.104 | uplink=cellular | note=auto_log gpio sw=1 key=1 gp20=0 gp21=0
  Aug 11, 2026 7:25 AM | mode=key_on | eng=12.612V | house=0V | fw=1.1.104 | uplink=cellular | note=auto_log gpio sw=1 key=1 gp20=0 gp21=0
  Aug 11, 2026 7:18 AM | mode=key_on | eng=12.609V | house=0V | fw=1.1.103 | uplink=cellular | note=auto_log gpio sw=1 key=1 gp20=0 gp21=0
  Aug 11, 2026 7:16 AM | mode=key_on | eng=12.608V | house=0V | fw=1.1.103 | uplink=cellular | note=auto_log gpio sw=1 key=1 gp20=0 gp21=0
  Aug 11, 2026 7:10 AM | mode=key_on | eng=12.609V | house=0V | fw=1.1.102 | uplink=cellular | note=auto_log gpio sw=1 key=1 gp20=0 gp21=0
  Aug 11, 2026 7:08 AM | mode=key_on | eng=12.609V | house=0V | fw=1.1.102 | uplink=cellular | note=auto_log gpio sw=1 key=1 gp20=0 gp21=0
  Aug 11, 2026 7:02 AM | mode=key_on | eng=12.612V | house=0.001V | fw=1.1.101 | uplink=cellular | note=auto_log gpio sw=1 key=1 gp20=0 gp21=0
  Aug 11, 2026 6:20 AM | mode=key_on | eng=12.592V | house=0.002V | fw=1.1.100 | uplink=cellular | note=auto_log gpio sw=1 key=1 gp20=0 gp21=0
--- harness log tail ---
Wrote /workspace/ota_stress_results.json
SUMMARY: {
  "success_count": 4,
  "fail_count": 0,
  "wall_times_s": [
    342,
    404,
    403,
    1129
  ],
  "device_aware_to_confirmed_s": []
}
--- harness process ---
405223 /bin/bash -l -c for i in $(seq 1 9); do echo "=== STATUS $i/9 $(date -u +%H:%M:%SZ) ===" >> boat_monitor/ota_stress_status.log; grep -E "^ROUND |ROUND [0-9]/4|\"success\":|Stopping stress" boat_monitor/ota_stress_run3.log | tail -6 >> boat_monitor/ota_stress_status.log; python3 -c "import sys;sys.path.insert(0,\"boat_monitor\");from sheets_bootstrap import SCOPES,_credentials_path,_sheet_id;from googleapiclient.discovery import build;from google.oauth2.service_account import Credentials;c=Credentials.from_service_account_file(_credentials_path(),scopes=SCOPES);s=build(\"sheets\",\"v4\",credentials=c,cache_discovery=False);sid=_sheet_id(c);cfg={r[0]:r[1] for r in s.spreadsheets().values().get(spreadsheetId=sid,range=\"Config!A2:C\").execute().get(\"values\",[]) if r};rows=s.spreadsheets().values().get(spreadsheetId=sid,range=\"Power_Log!A2:N\").execute().get(\"values\",[]);hdr=s.spreadsheets().values().get(spreadsheetId=sid,range=\"Power_Log!1:1\").execute().get(\"values\",[[[]]][0]);fi=hdr.index(\"fw\");r=rows[-1];print(\"min_fw\",cfg.get(\"min_fw_version\"),\"PL\",r[0],r[fi])" >> boat_monitor/ota_stress_status.log 2>&1; pgrep -f "ota_stress_harness.py --rounds 4" >/dev/null && echo "harness running" >> boat_monitor/ota_stress_status.log || echo "harness STOPPED" >> boat_monitor/ota_stress_status.log; sleep 300; done; echo "DONE" >> boat_monitor/ota_stress_status.log

============================================================
MONITOR update 9/12 @ 2026-08-11 15:01:16Z
============================================================
=== Power_Log (last 30 boat-p2) ===
header: ['timestamp_utc', 'device', 'mode', 'engine_v', 'engine_a', 'house_v', 'house_a', 'v50_v', 'v50_a', 'v50_mah_used', 'v50_pct_remain', 'fw', 'uplink', 'note']
total rows: 914
  Aug 11, 2026 7:59 AM | mode=key_on | eng=12.594V | house=0V | fw=1.1.105 | uplink=cellular | note=auto_log gpio sw=1 key=1 gp20=0 gp21=0
  Aug 11, 2026 7:57 AM | mode=key_on | eng=12.598V | house=0.001V | fw=1.1.105 | uplink=cellular | note=auto_log gpio sw=1 key=1 gp20=0 gp21=0
  Aug 11, 2026 7:55 AM | mode=key_on | eng=12.598V | house=0V | fw=1.1.105 | uplink=cellular | note=auto_log gpio sw=1 key=1 gp20=0 gp21=0
  Aug 11, 2026 7:53 AM | mode=key_on | eng=12.599V | house=0.001V | fw=1.1.105 | uplink=cellular | note=auto_log gpio sw=1 key=1 gp20=0 gp21=0
  Aug 11, 2026 7:51 AM | mode=key_on | eng=12.599V | house=0.001V | fw=1.1.105 | uplink=cellular | note=auto_log gpio sw=1 key=1 gp20=0 gp21=0
  Aug 11, 2026 7:49 AM | mode=key_on | eng=12.598V | house=0V | fw=1.1.105 | uplink=cellular | note=auto_log gpio sw=1 key=1 gp20=0 gp21=0
  Aug 11, 2026 7:46 AM | mode=key_on | eng=12.598V | house=0V | fw=1.1.105 | uplink=cellular | note=auto_log gpio sw=1 key=1 gp20=0 gp21=0
  Aug 11, 2026 7:44 AM | mode=key_on | eng=12.598V | house=0.001V | fw=1.1.105 | uplink=cellular | note=auto_log gpio sw=1 key=1 gp20=0 gp21=0
  Aug 11, 2026 7:42 AM | mode=key_on | eng=12.599V | house=0V | fw=1.1.105 | uplink=cellular | note=auto_log gpio sw=1 key=1 gp20=0 gp21=0
  Aug 11, 2026 7:40 AM | mode=key_on | eng=12.602V | house=0V | fw=1.1.105 | uplink=cellular | note=auto_log gpio sw=1 key=1 gp20=0 gp21=0
  Aug 11, 2026 7:37 AM | mode=key_on | eng=12.602V | house=0V | fw=1.1.105 | uplink=cellular | note=auto_log gpio sw=1 key=1 gp20=0 gp21=0
  Aug 11, 2026 7:35 AM | mode=key_on | eng=12.612V | house=0V | fw=1.1.105 | uplink=cellular | note=auto_log gpio sw=1 key=1 gp20=0 gp21=0
  Aug 11, 2026 7:33 AM | mode=key_on | eng=12.612V | house=0V | fw=1.1.105 | uplink=cellular | note=auto_log gpio sw=1 key=1 gp20=0 gp21=0
  Aug 11, 2026 7:27 AM | mode=key_on | eng=12.602V | house=0.001V | fw=1.1.104 | uplink=cellular | note=auto_log gpio sw=1 key=1 gp20=0 gp21=0
  Aug 11, 2026 7:25 AM | mode=key_on | eng=12.612V | house=0V | fw=1.1.104 | uplink=cellular | note=auto_log gpio sw=1 key=1 gp20=0 gp21=0
  Aug 11, 2026 7:18 AM | mode=key_on | eng=12.609V | house=0V | fw=1.1.103 | uplink=cellular | note=auto_log gpio sw=1 key=1 gp20=0 gp21=0
  Aug 11, 2026 7:16 AM | mode=key_on | eng=12.608V | house=0V | fw=1.1.103 | uplink=cellular | note=auto_log gpio sw=1 key=1 gp20=0 gp21=0
  Aug 11, 2026 7:10 AM | mode=key_on | eng=12.609V | house=0V | fw=1.1.102 | uplink=cellular | note=auto_log gpio sw=1 key=1 gp20=0 gp21=0
  Aug 11, 2026 7:08 AM | mode=key_on | eng=12.609V | house=0V | fw=1.1.102 | uplink=cellular | note=auto_log gpio sw=1 key=1 gp20=0 gp21=0
--- harness log tail ---
Wrote /workspace/ota_stress_results.json
SUMMARY: {
  "success_count": 4,
  "fail_count": 0,
  "wall_times_s": [
    342,
    404,
    403,
    1129
  ],
  "device_aware_to_confirmed_s": []
}
--- harness process ---
405223 /bin/bash -l -c for i in $(seq 1 9); do echo "=== STATUS $i/9 $(date -u +%H:%M:%SZ) ===" >> boat_monitor/ota_stress_status.log; grep -E "^ROUND |ROUND [0-9]/4|\"success\":|Stopping stress" boat_monitor/ota_stress_run3.log | tail -6 >> boat_monitor/ota_stress_status.log; python3 -c "import sys;sys.path.insert(0,\"boat_monitor\");from sheets_bootstrap import SCOPES,_credentials_path,_sheet_id;from googleapiclient.discovery import build;from google.oauth2.service_account import Credentials;c=Credentials.from_service_account_file(_credentials_path(),scopes=SCOPES);s=build(\"sheets\",\"v4\",credentials=c,cache_discovery=False);sid=_sheet_id(c);cfg={r[0]:r[1] for r in s.spreadsheets().values().get(spreadsheetId=sid,range=\"Config!A2:C\").execute().get(\"values\",[]) if r};rows=s.spreadsheets().values().get(spreadsheetId=sid,range=\"Power_Log!A2:N\").execute().get(\"values\",[]);hdr=s.spreadsheets().values().get(spreadsheetId=sid,range=\"Power_Log!1:1\").execute().get(\"values\",[[[]]][0]);fi=hdr.index(\"fw\");r=rows[-1];print(\"min_fw\",cfg.get(\"min_fw_version\"),\"PL\",r[0],r[fi])" >> boat_monitor/ota_stress_status.log 2>&1; pgrep -f "ota_stress_harness.py --rounds 4" >/dev/null && echo "harness running" >> boat_monitor/ota_stress_status.log || echo "harness STOPPED" >> boat_monitor/ota_stress_status.log; sleep 300; done; echo "DONE" >> boat_monitor/ota_stress_status.log

============================================================
MONITOR update 10/12 @ 2026-08-11 15:06:17Z
============================================================
=== Power_Log (last 30 boat-p2) ===
header: ['timestamp_utc', 'device', 'mode', 'engine_v', 'engine_a', 'house_v', 'house_a', 'v50_v', 'v50_a', 'v50_mah_used', 'v50_pct_remain', 'fw', 'uplink', 'note']
total rows: 916
  Aug 11, 2026 8:04 AM | mode=key_on | eng=12.472V | house=0.002V | fw=1.1.105 | uplink=cellular | note=auto_log gpio sw=1 key=1 gp20=0 gp21=0
  Aug 11, 2026 8:01 AM | mode=key_on | eng=12.594V | house=0.002V | fw=1.1.105 | uplink=cellular | note=auto_log gpio sw=1 key=1 gp20=0 gp21=0
  Aug 11, 2026 7:59 AM | mode=key_on | eng=12.594V | house=0V | fw=1.1.105 | uplink=cellular | note=auto_log gpio sw=1 key=1 gp20=0 gp21=0
  Aug 11, 2026 7:57 AM | mode=key_on | eng=12.598V | house=0.001V | fw=1.1.105 | uplink=cellular | note=auto_log gpio sw=1 key=1 gp20=0 gp21=0
  Aug 11, 2026 7:55 AM | mode=key_on | eng=12.598V | house=0V | fw=1.1.105 | uplink=cellular | note=auto_log gpio sw=1 key=1 gp20=0 gp21=0
  Aug 11, 2026 7:53 AM | mode=key_on | eng=12.599V | house=0.001V | fw=1.1.105 | uplink=cellular | note=auto_log gpio sw=1 key=1 gp20=0 gp21=0
  Aug 11, 2026 7:51 AM | mode=key_on | eng=12.599V | house=0.001V | fw=1.1.105 | uplink=cellular | note=auto_log gpio sw=1 key=1 gp20=0 gp21=0
  Aug 11, 2026 7:49 AM | mode=key_on | eng=12.598V | house=0V | fw=1.1.105 | uplink=cellular | note=auto_log gpio sw=1 key=1 gp20=0 gp21=0
  Aug 11, 2026 7:46 AM | mode=key_on | eng=12.598V | house=0V | fw=1.1.105 | uplink=cellular | note=auto_log gpio sw=1 key=1 gp20=0 gp21=0
  Aug 11, 2026 7:44 AM | mode=key_on | eng=12.598V | house=0.001V | fw=1.1.105 | uplink=cellular | note=auto_log gpio sw=1 key=1 gp20=0 gp21=0
  Aug 11, 2026 7:42 AM | mode=key_on | eng=12.599V | house=0V | fw=1.1.105 | uplink=cellular | note=auto_log gpio sw=1 key=1 gp20=0 gp21=0
  Aug 11, 2026 7:40 AM | mode=key_on | eng=12.602V | house=0V | fw=1.1.105 | uplink=cellular | note=auto_log gpio sw=1 key=1 gp20=0 gp21=0
  Aug 11, 2026 7:37 AM | mode=key_on | eng=12.602V | house=0V | fw=1.1.105 | uplink=cellular | note=auto_log gpio sw=1 key=1 gp20=0 gp21=0
  Aug 11, 2026 7:35 AM | mode=key_on | eng=12.612V | house=0V | fw=1.1.105 | uplink=cellular | note=auto_log gpio sw=1 key=1 gp20=0 gp21=0
  Aug 11, 2026 7:33 AM | mode=key_on | eng=12.612V | house=0V | fw=1.1.105 | uplink=cellular | note=auto_log gpio sw=1 key=1 gp20=0 gp21=0
  Aug 11, 2026 7:27 AM | mode=key_on | eng=12.602V | house=0.001V | fw=1.1.104 | uplink=cellular | note=auto_log gpio sw=1 key=1 gp20=0 gp21=0
  Aug 11, 2026 7:25 AM | mode=key_on | eng=12.612V | house=0V | fw=1.1.104 | uplink=cellular | note=auto_log gpio sw=1 key=1 gp20=0 gp21=0
  Aug 11, 2026 7:18 AM | mode=key_on | eng=12.609V | house=0V | fw=1.1.103 | uplink=cellular | note=auto_log gpio sw=1 key=1 gp20=0 gp21=0
  Aug 11, 2026 7:16 AM | mode=key_on | eng=12.608V | house=0V | fw=1.1.103 | uplink=cellular | note=auto_log gpio sw=1 key=1 gp20=0 gp21=0
--- harness log tail ---
Wrote /workspace/ota_stress_results.json
SUMMARY: {
  "success_count": 4,
  "fail_count": 0,
  "wall_times_s": [
    342,
    404,
    403,
    1129
  ],
  "device_aware_to_confirmed_s": []
}
--- harness process ---
405223 /bin/bash -l -c for i in $(seq 1 9); do echo "=== STATUS $i/9 $(date -u +%H:%M:%SZ) ===" >> boat_monitor/ota_stress_status.log; grep -E "^ROUND |ROUND [0-9]/4|\"success\":|Stopping stress" boat_monitor/ota_stress_run3.log | tail -6 >> boat_monitor/ota_stress_status.log; python3 -c "import sys;sys.path.insert(0,\"boat_monitor\");from sheets_bootstrap import SCOPES,_credentials_path,_sheet_id;from googleapiclient.discovery import build;from google.oauth2.service_account import Credentials;c=Credentials.from_service_account_file(_credentials_path(),scopes=SCOPES);s=build(\"sheets\",\"v4\",credentials=c,cache_discovery=False);sid=_sheet_id(c);cfg={r[0]:r[1] for r in s.spreadsheets().values().get(spreadsheetId=sid,range=\"Config!A2:C\").execute().get(\"values\",[]) if r};rows=s.spreadsheets().values().get(spreadsheetId=sid,range=\"Power_Log!A2:N\").execute().get(\"values\",[]);hdr=s.spreadsheets().values().get(spreadsheetId=sid,range=\"Power_Log!1:1\").execute().get(\"values\",[[[]]][0]);fi=hdr.index(\"fw\");r=rows[-1];print(\"min_fw\",cfg.get(\"min_fw_version\"),\"PL\",r[0],r[fi])" >> boat_monitor/ota_stress_status.log 2>&1; pgrep -f "ota_stress_harness.py --rounds 4" >/dev/null && echo "harness running" >> boat_monitor/ota_stress_status.log || echo "harness STOPPED" >> boat_monitor/ota_stress_status.log; sleep 300; done; echo "DONE" >> boat_monitor/ota_stress_status.log

============================================================
MONITOR update 11/12 @ 2026-08-11 15:11:18Z
============================================================
=== Power_Log (last 30 boat-p2) ===
header: ['timestamp_utc', 'device', 'mode', 'engine_v', 'engine_a', 'house_v', 'house_a', 'v50_v', 'v50_a', 'v50_mah_used', 'v50_pct_remain', 'fw', 'uplink', 'note']
total rows: 919
  Aug 11, 2026 8:10 AM | mode=key_on | eng=12.594V | house=0.001V | fw=1.1.105 | uplink=cellular | note=auto_log gpio sw=1 key=1 gp20=0 gp21=0
  Aug 11, 2026 8:08 AM | mode=key_on | eng=12.594V | house=0V | fw=1.1.105 | uplink=cellular | note=auto_log gpio sw=1 key=1 gp20=0 gp21=0
  Aug 11, 2026 8:06 AM | mode=key_on | eng=12.592V | house=0V | fw=1.1.105 | uplink=cellular | note=auto_log gpio sw=1 key=1 gp20=0 gp21=0
  Aug 11, 2026 8:04 AM | mode=key_on | eng=12.472V | house=0.002V | fw=1.1.105 | uplink=cellular | note=auto_log gpio sw=1 key=1 gp20=0 gp21=0
  Aug 11, 2026 8:01 AM | mode=key_on | eng=12.594V | house=0.002V | fw=1.1.105 | uplink=cellular | note=auto_log gpio sw=1 key=1 gp20=0 gp21=0
  Aug 11, 2026 7:59 AM | mode=key_on | eng=12.594V | house=0V | fw=1.1.105 | uplink=cellular | note=auto_log gpio sw=1 key=1 gp20=0 gp21=0
  Aug 11, 2026 7:57 AM | mode=key_on | eng=12.598V | house=0.001V | fw=1.1.105 | uplink=cellular | note=auto_log gpio sw=1 key=1 gp20=0 gp21=0
  Aug 11, 2026 7:55 AM | mode=key_on | eng=12.598V | house=0V | fw=1.1.105 | uplink=cellular | note=auto_log gpio sw=1 key=1 gp20=0 gp21=0
  Aug 11, 2026 7:53 AM | mode=key_on | eng=12.599V | house=0.001V | fw=1.1.105 | uplink=cellular | note=auto_log gpio sw=1 key=1 gp20=0 gp21=0
  Aug 11, 2026 7:51 AM | mode=key_on | eng=12.599V | house=0.001V | fw=1.1.105 | uplink=cellular | note=auto_log gpio sw=1 key=1 gp20=0 gp21=0
  Aug 11, 2026 7:49 AM | mode=key_on | eng=12.598V | house=0V | fw=1.1.105 | uplink=cellular | note=auto_log gpio sw=1 key=1 gp20=0 gp21=0
  Aug 11, 2026 7:46 AM | mode=key_on | eng=12.598V | house=0V | fw=1.1.105 | uplink=cellular | note=auto_log gpio sw=1 key=1 gp20=0 gp21=0
  Aug 11, 2026 7:44 AM | mode=key_on | eng=12.598V | house=0.001V | fw=1.1.105 | uplink=cellular | note=auto_log gpio sw=1 key=1 gp20=0 gp21=0
  Aug 11, 2026 7:42 AM | mode=key_on | eng=12.599V | house=0V | fw=1.1.105 | uplink=cellular | note=auto_log gpio sw=1 key=1 gp20=0 gp21=0
  Aug 11, 2026 7:40 AM | mode=key_on | eng=12.602V | house=0V | fw=1.1.105 | uplink=cellular | note=auto_log gpio sw=1 key=1 gp20=0 gp21=0
  Aug 11, 2026 7:37 AM | mode=key_on | eng=12.602V | house=0V | fw=1.1.105 | uplink=cellular | note=auto_log gpio sw=1 key=1 gp20=0 gp21=0
  Aug 11, 2026 7:35 AM | mode=key_on | eng=12.612V | house=0V | fw=1.1.105 | uplink=cellular | note=auto_log gpio sw=1 key=1 gp20=0 gp21=0
  Aug 11, 2026 7:33 AM | mode=key_on | eng=12.612V | house=0V | fw=1.1.105 | uplink=cellular | note=auto_log gpio sw=1 key=1 gp20=0 gp21=0
  Aug 11, 2026 7:27 AM | mode=key_on | eng=12.602V | house=0.001V | fw=1.1.104 | uplink=cellular | note=auto_log gpio sw=1 key=1 gp20=0 gp21=0
--- harness log tail ---
Wrote /workspace/ota_stress_results.json
SUMMARY: {
  "success_count": 4,
  "fail_count": 0,
  "wall_times_s": [
    342,
    404,
    403,
    1129
  ],
  "device_aware_to_confirmed_s": []
}
--- harness process ---
405223 /bin/bash -l -c for i in $(seq 1 9); do echo "=== STATUS $i/9 $(date -u +%H:%M:%SZ) ===" >> boat_monitor/ota_stress_status.log; grep -E "^ROUND |ROUND [0-9]/4|\"success\":|Stopping stress" boat_monitor/ota_stress_run3.log | tail -6 >> boat_monitor/ota_stress_status.log; python3 -c "import sys;sys.path.insert(0,\"boat_monitor\");from sheets_bootstrap import SCOPES,_credentials_path,_sheet_id;from googleapiclient.discovery import build;from google.oauth2.service_account import Credentials;c=Credentials.from_service_account_file(_credentials_path(),scopes=SCOPES);s=build(\"sheets\",\"v4\",credentials=c,cache_discovery=False);sid=_sheet_id(c);cfg={r[0]:r[1] for r in s.spreadsheets().values().get(spreadsheetId=sid,range=\"Config!A2:C\").execute().get(\"values\",[]) if r};rows=s.spreadsheets().values().get(spreadsheetId=sid,range=\"Power_Log!A2:N\").execute().get(\"values\",[]);hdr=s.spreadsheets().values().get(spreadsheetId=sid,range=\"Power_Log!1:1\").execute().get(\"values\",[[[]]][0]);fi=hdr.index(\"fw\");r=rows[-1];print(\"min_fw\",cfg.get(\"min_fw_version\"),\"PL\",r[0],r[fi])" >> boat_monitor/ota_stress_status.log 2>&1; pgrep -f "ota_stress_harness.py --rounds 4" >/dev/null && echo "harness running" >> boat_monitor/ota_stress_status.log || echo "harness STOPPED" >> boat_monitor/ota_stress_status.log; sleep 300; done; echo "DONE" >> boat_monitor/ota_stress_status.log

============================================================
MONITOR update 12/12 @ 2026-08-11 16:25:33Z
============================================================
=== Power_Log (last 30 boat-p2) ===
header: ['timestamp_utc', 'device', 'mode', 'engine_v', 'engine_a', 'house_v', 'house_a', 'v50_v', 'v50_a', 'v50_mah_used', 'v50_pct_remain', 'fw', 'uplink', 'note']
total rows: 988
  Aug 11, 2026 9:25 AM | mode=docked_off | eng=12.669V | house=0.001V | fw=1.1.105 | uplink=cellular | note=boot_log gpio sw=0 key=0 gp20=1 gp21=1
  Aug 11, 2026 9:24 AM | mode=docked_off | eng=12.669V | house=0.001V | fw=1.1.105 | uplink=cellular | note=boot_log gpio sw=0 key=0 gp20=1 gp21=1
  Aug 11, 2026 9:24 AM | mode=docked_off | eng=12.669V | house=0.002V | fw=1.1.105 | uplink=cellular | note=boot_log gpio sw=0 key=0 gp20=1 gp21=1
  Aug 11, 2026 9:23 AM | mode=docked_off | eng=12.668V | house=0V | fw=1.1.105 | uplink=cellular | note=boot_log gpio sw=0 key=0 gp20=1 gp21=1
  Aug 11, 2026 9:22 AM | mode=docked_off | eng=12.668V | house=0.001V | fw=1.1.105 | uplink=cellular | note=boot_log gpio sw=0 key=0 gp20=1 gp21=1
  Aug 11, 2026 9:22 AM | mode=docked_off | eng=12.668V | house=0V | fw=1.1.105 | uplink=cellular | note=boot_log gpio sw=0 key=0 gp20=1 gp21=1
  Aug 11, 2026 9:22 AM | mode=docked_off | eng=12.778V | house=0V | fw=1.1.105 | uplink=cellular | note=boot_log gpio sw=0 key=0 gp20=1 gp21=1
  Aug 11, 2026 9:21 AM | mode=docked_off | eng=12.669V | house=0.001V | fw=1.1.105 | uplink=cellular | note=boot_log gpio sw=0 key=0 gp20=1 gp21=1
  Aug 11, 2026 9:21 AM | mode=docked_off | eng=12.669V | house=0V | fw=1.1.105 | uplink=cellular | note=boot_log gpio sw=0 key=0 gp20=1 gp21=1
  Aug 11, 2026 9:20 AM | mode=docked_off | eng=12.669V | house=0.001V | fw=1.1.105 | uplink=cellular | note=boot_log gpio sw=0 key=0 gp20=1 gp21=1
  Aug 11, 2026 9:20 AM | mode=docked_off | eng=12.679V | house=0.001V | fw=1.1.105 | uplink=cellular | note=boot_log gpio sw=0 key=0 gp20=1 gp21=1
  Aug 11, 2026 9:20 AM | mode=docked_off | eng=12.669V | house=0.001V | fw=1.1.105 | uplink=cellular | note=boot_log gpio sw=0 key=0 gp20=1 gp21=1
  Aug 11, 2026 9:19 AM | mode=docked_off | eng=12.668V | house=0V | fw=1.1.105 | uplink=cellular | note=boot_log gpio sw=0 key=0 gp20=1 gp21=1
  Aug 11, 2026 9:19 AM | mode=docked_off | eng=12.668V | house=0.001V | fw=1.1.105 | uplink=cellular | note=boot_log gpio sw=0 key=0 gp20=1 gp21=1
  Aug 11, 2026 9:18 AM | mode=docked_off | eng=12.668V | house=0V | fw=1.1.105 | uplink=cellular | note=boot_log gpio sw=0 key=0 gp20=1 gp21=1
  Aug 11, 2026 9:18 AM | mode=docked_off | eng=12.668V | house=0V | fw=1.1.105 | uplink=cellular | note=boot_log gpio sw=0 key=0 gp20=1 gp21=1
  Aug 11, 2026 9:18 AM | mode=docked_off | eng=12.668V | house=0.001V | fw=1.1.105 | uplink=cellular | note=boot_log gpio sw=0 key=0 gp20=1 gp21=1
  Aug 11, 2026 9:17 AM | mode=docked_off | eng=12.664V | house=0V | fw=1.1.105 | uplink=cellular | note=boot_log gpio sw=0 key=0 gp20=1 gp21=1
  Aug 11, 2026 9:17 AM | mode=docked_off | eng=12.664V | house=0.001V | fw=1.1.105 | uplink=cellular | note=boot_log gpio sw=0 key=0 gp20=1 gp21=1
--- harness log tail ---
Wrote /workspace/ota_stress_results.json
SUMMARY: {
  "success_count": 4,
  "fail_count": 0,
  "wall_times_s": [
    342,
    404,
    403,
    1129
  ],
  "device_aware_to_confirmed_s": []
}
--- harness process ---
405223 /bin/bash -l -c for i in $(seq 1 9); do echo "=== STATUS $i/9 $(date -u +%H:%M:%SZ) ===" >> boat_monitor/ota_stress_status.log; grep -E "^ROUND |ROUND [0-9]/4|\"success\":|Stopping stress" boat_monitor/ota_stress_run3.log | tail -6 >> boat_monitor/ota_stress_status.log; python3 -c "import sys;sys.path.insert(0,\"boat_monitor\");from sheets_bootstrap import SCOPES,_credentials_path,_sheet_id;from googleapiclient.discovery import build;from google.oauth2.service_account import Credentials;c=Credentials.from_service_account_file(_credentials_path(),scopes=SCOPES);s=build(\"sheets\",\"v4\",credentials=c,cache_discovery=False);sid=_sheet_id(c);cfg={r[0]:r[1] for r in s.spreadsheets().values().get(spreadsheetId=sid,range=\"Config!A2:C\").execute().get(\"values\",[]) if r};rows=s.spreadsheets().values().get(spreadsheetId=sid,range=\"Power_Log!A2:N\").execute().get(\"values\",[]);hdr=s.spreadsheets().values().get(spreadsheetId=sid,range=\"Power_Log!1:1\").execute().get(\"values\",[[[]]][0]);fi=hdr.index(\"fw\");r=rows[-1];print(\"min_fw\",cfg.get(\"min_fw_version\"),\"PL\",r[0],r[fi])" >> boat_monitor/ota_stress_status.log 2>&1; pgrep -f "ota_stress_harness.py --rounds 4" >/dev/null && echo "harness running" >> boat_monitor/ota_stress_status.log || echo "harness STOPPED" >> boat_monitor/ota_stress_status.log; sleep 300; done; echo "DONE" >> boat_monitor/ota_stress_status.log
Monitor done (12 updates).
