OK: manifest 1.1.101 with 1 files
OK: manifest 1 runtime files (~0 KB source)
OK: release 1.1.101 (manifest + version.py)
Switched to a new branch 'cursor/ota-stress-11101-5a55'
M	boat_monitor/ota_manifest.json
M	boat_monitor/version.py
[cursor/ota-stress-11101-5a55 b8063a5] release: OTA stress 1.1.101
 2 files changed, 2 insertions(+), 2 deletions(-)
remote: 
remote: Create a pull request for 'cursor/ota-stress-11101-5a55' on GitHub by visiting:        
remote:      https://github.com/joelevy1/power-monitor/pull/new/cursor/ota-stress-11101-5a55        
remote: 
To https://github.com/joelevy1/power-monitor
 * [new branch]      cursor/ota-stress-11101-5a55 -> cursor/ota-stress-11101-5a55
branch 'cursor/ota-stress-11101-5a55' set up to track 'origin/cursor/ota-stress-11101-5a55'.
Switched to branch 'master'
Your branch is up to date with 'origin/master'.
From https://github.com/joelevy1/power-monitor
 * branch            master     -> FETCH_HEAD
Already up to date.
Updating 2146b9c..b8063a5
Fast-forward (no commit created; -m option ignored)
 boat_monitor/OTA_STRESS_RULES.md   |  4 ++
 boat_monitor/ota_manifest.json     |  2 +-
 boat_monitor/ota_stress_harness.py | 64 +++++++++++++++++++++++---
 boat_monitor/ota_stress_monitor.py | 94 ++++++++++++++++++++++++++++++++++++++
 boat_monitor/ota_stress_rules.py   |  3 ++
 boat_monitor/version.py            |  2 +-
 6 files changed, 160 insertions(+), 9 deletions(-)
 create mode 100644 boat_monitor/ota_stress_monitor.py
To https://github.com/joelevy1/power-monitor
   2146b9c..b8063a5  master -> master
Already on 'master'
Your branch is up to date with 'origin/master'.
OK: manifest 1 runtime files (~0 KB source)
OK: release 1.1.101 (manifest + version.py)
OK: GitHub raw master manifest matches
OK: manifest 1 runtime files (~0 KB source)
OK: release 1.1.101 (manifest + version.py)
OK: manifest 1 runtime files (~0 KB source)
OK: release 1.1.101 (manifest + version.py)
OK: GitHub raw master manifest matches
OK: interval_engine_on_s = 60
OK: interval_engine_off_s = 300
OK: boot_ota_max_seconds = 420
OK: min_fw_version = 1.1.101
Sheet updated. Pico OTA when current < min_fw after master manifest ships.
