=== STATUS 1/9 14:16:01Z ===
ROUND 1/4 → target 1.1.102 @ 2026-08-11T14:02:53.318584+00:00
ROUND RESULT: {
  "success": true,
ROUND 2/4 → target 1.1.103 @ 2026-08-11T14:10:12.847346+00:00
Traceback (most recent call last):
  File "<string>", line 1, in <module>
ValueError: 'fw' is not in list
harness running
=== STATUS 2/9 14:21:02Z ===
ROUND RESULT: {
  "success": true,
ROUND 2/4 → target 1.1.103 @ 2026-08-11T14:10:12.847346+00:00
ROUND RESULT: {
  "success": true,
ROUND 3/4 → target 1.1.104 @ 2026-08-11T14:18:34.419586+00:00
Traceback (most recent call last):
  File "<string>", line 1, in <module>
ValueError: 'fw' is not in list
harness running
=== STATUS 3/9 14:26:04Z ===
ROUND 2/4 → target 1.1.103 @ 2026-08-11T14:10:12.847346+00:00
ROUND RESULT: {
  "success": true,
ROUND 3/4 → target 1.1.104 @ 2026-08-11T14:18:34.419586+00:00
ROUND RESULT: {
  "success": true,
Traceback (most recent call last):
  File "<string>", line 1, in <module>
ValueError: 'fw' is not in list
harness running
=== STATUS 4/9 14:49:22Z ===
ROUND 3/4 → target 1.1.104 @ 2026-08-11T14:18:34.419586+00:00
ROUND RESULT: {
  "success": true,
ROUND 4/4 → target 1.1.105 @ 2026-08-11T14:26:54.854149+00:00
ROUND RESULT: {
  "success": true,
Traceback (most recent call last):
  File "<string>", line 1, in <module>
ValueError: 'fw' is not in list
harness running
=== STATUS 5/9 14:54:23Z ===
ROUND 3/4 → target 1.1.104 @ 2026-08-11T14:18:34.419586+00:00
ROUND RESULT: {
  "success": true,
ROUND 4/4 → target 1.1.105 @ 2026-08-11T14:26:54.854149+00:00
ROUND RESULT: {
  "success": true,
Traceback (most recent call last):
  File "<string>", line 1, in <module>
ValueError: 'fw' is not in list
harness running
=== STATUS 6/9 14:59:24Z ===
ROUND 3/4 → target 1.1.104 @ 2026-08-11T14:18:34.419586+00:00
ROUND RESULT: {
  "success": true,
ROUND 4/4 → target 1.1.105 @ 2026-08-11T14:26:54.854149+00:00
ROUND RESULT: {
  "success": true,
Traceback (most recent call last):
  File "<string>", line 1, in <module>
ValueError: 'fw' is not in list
harness running
=== STATUS 7/9 15:04:25Z ===
ROUND 3/4 → target 1.1.104 @ 2026-08-11T14:18:34.419586+00:00
ROUND RESULT: {
  "success": true,
ROUND 4/4 → target 1.1.105 @ 2026-08-11T14:26:54.854149+00:00
ROUND RESULT: {
  "success": true,
Traceback (most recent call last):
  File "<string>", line 1, in <module>
ValueError: 'fw' is not in list
harness running
=== STATUS 8/9 15:09:26Z ===
ROUND 3/4 → target 1.1.104 @ 2026-08-11T14:18:34.419586+00:00
ROUND RESULT: {
  "success": true,
ROUND 4/4 → target 1.1.105 @ 2026-08-11T14:26:54.854149+00:00
ROUND RESULT: {
  "success": true,
Traceback (most recent call last):
  File "<string>", line 1, in <module>
ValueError: 'fw' is not in list
harness running
=== STATUS 9/9 15:14:27Z ===
ROUND 3/4 → target 1.1.104 @ 2026-08-11T14:18:34.419586+00:00
ROUND RESULT: {
  "success": true,
ROUND 4/4 → target 1.1.105 @ 2026-08-11T14:26:54.854149+00:00
ROUND RESULT: {
  "success": true,
Traceback (most recent call last):
  File "<string>", line 1, in <module>
ValueError: 'fw' is not in list
harness running
DONE
